../Core/Src/main.c:130:1:__io_putchar	1
../Core/Src/main.c:142:5:main	1
../Core/Src/main.c:216:6:SystemClock_Config	4
../Core/Src/main.c:262:13:MX_ADC1_Init	5
../Core/Src/main.c:336:13:MX_ADC2_Init	4
../Core/Src/main.c:402:13:MX_TIM1_Init	7
../Core/Src/main.c:482:13:MX_USART2_UART_Init	2
../Core/Src/main.c:515:13:MX_DMA_Init	1
../Core/Src/main.c:536:13:MX_GPIO_Init	1
../Core/Src/main.c:578:13:maintain_MPPT	9
../Core/Src/main.c:636:6:HAL_ADC_ConvCpltCallback	1
../Core/Src/main.c:659:6:Error_Handler	1
