../Core/Src/main.c:123:1:__io_putchar	16	static
../Core/Src/main.c:135:5:main	72	static
../Core/Src/main.c:210:6:SystemClock_Config	96	static
../Core/Src/main.c:256:13:MX_ADC1_Init	48	static
../Core/Src/main.c:330:13:MX_ADC2_Init	32	static
../Core/Src/main.c:396:13:MX_TIM1_Init	112	static
../Core/Src/main.c:476:13:MX_USART2_UART_Init	8	static
../Core/Src/main.c:509:13:MX_DMA_Init	16	static
../Core/Src/main.c:530:13:MX_GPIO_Init	40	static
../Core/Src/main.c:572:6:maintain_MPPT	16	static
../Core/Src/main.c:599:6:HAL_ADC_ConvCpltCallback	16	static
../Core/Src/main.c:622:6:Error_Handler	4	static,ignoring_inline_asm
