../Core/Src/main.c:130:1:__io_putchar	16	static
../Core/Src/main.c:142:5:main	8	static
../Core/Src/main.c:216:6:SystemClock_Config	96	static
../Core/Src/main.c:262:13:MX_ADC1_Init	48	static
../Core/Src/main.c:336:13:MX_ADC2_Init	32	static
../Core/Src/main.c:402:13:MX_TIM1_Init	112	static
../Core/Src/main.c:482:13:MX_USART2_UART_Init	8	static
../Core/Src/main.c:515:13:MX_DMA_Init	16	static
../Core/Src/main.c:536:13:MX_GPIO_Init	40	static
../Core/Src/main.c:578:13:maintain_MPPT	96	static
../Core/Src/main.c:636:6:HAL_ADC_ConvCpltCallback	16	static
../Core/Src/main.c:659:6:Error_Handler	4	static,ignoring_inline_asm
