../Core/Src/main.c:125:1:__io_putchar	1
../Core/Src/main.c:137:5:main	1
../Core/Src/main.c:211:6:SystemClock_Config	4
../Core/Src/main.c:257:13:MX_ADC1_Init	5
../Core/Src/main.c:331:13:MX_ADC2_Init	4
../Core/Src/main.c:397:13:MX_TIM1_Init	7
../Core/Src/main.c:477:13:MX_USART2_UART_Init	2
../Core/Src/main.c:510:13:MX_DMA_Init	1
../Core/Src/main.c:531:13:MX_GPIO_Init	1
../Core/Src/main.c:573:13:maintain_MPPT	3
../Core/Src/main.c:601:6:HAL_ADC_ConvCpltCallback	1
../Core/Src/main.c:624:6:Error_Handler	1
