../Core/Src/main.c:90:1:__io_putchar	16	static
../Core/Src/main.c:102:5:main	8	static
../Core/Src/main.c:161:6:SystemClock_Config	96	static
../Core/Src/main.c:208:13:MX_ADC1_Init	48	static
../Core/Src/main.c:274:13:MX_COMP2_Init	8	static
../Core/Src/main.c:306:13:MX_TIM1_Init	112	static
../Core/Src/main.c:386:13:MX_USART2_UART_Init	8	static
../Core/Src/main.c:421:13:MX_GPIO_Init	40	static
../Core/Src/main.c:459:6:HAL_ADC_ConvCpltCallback	16	static
../Core/Src/main.c:473:6:Error_Handler	4	static,ignoring_inline_asm
