../Core/Src/main.c:101:1:__io_putchar	16	static
../Core/Src/main.c:113:5:main	72	static
../Core/Src/main.c:187:6:SystemClock_Config	96	static
../Core/Src/main.c:233:13:MX_ADC1_Init	48	static
../Core/Src/main.c:307:13:MX_ADC2_Init	32	static
../Core/Src/main.c:373:13:MX_TIM1_Init	112	static
../Core/Src/main.c:453:13:MX_USART2_UART_Init	8	static
../Core/Src/main.c:486:13:MX_DMA_Init	16	static
../Core/Src/main.c:507:13:MX_GPIO_Init	40	static
../Core/Src/main.c:545:6:HAL_ADC_ConvCpltCallback	16	static
../Core/Src/main.c:568:6:Error_Handler	4	static,ignoring_inline_asm
