../Core/Src/main.c:107:1:__io_putchar	16	static
../Core/Src/main.c:119:5:main	72	static
../Core/Src/main.c:193:6:SystemClock_Config	96	static
../Core/Src/main.c:239:13:MX_ADC1_Init	48	static
../Core/Src/main.c:313:13:MX_ADC2_Init	32	static
../Core/Src/main.c:379:13:MX_TIM1_Init	112	static
../Core/Src/main.c:459:13:MX_USART2_UART_Init	8	static
../Core/Src/main.c:492:13:MX_DMA_Init	16	static
../Core/Src/main.c:513:13:MX_GPIO_Init	40	static
../Core/Src/main.c:551:6:HAL_ADC_ConvCpltCallback	16	static
../Core/Src/main.c:576:6:Error_Handler	4	static,ignoring_inline_asm
