../Core/Src/main.c:94:1:__io_putchar	16	static
../Core/Src/main.c:106:5:main	24	static
../Core/Src/main.c:178:6:SystemClock_Config	96	static
../Core/Src/main.c:225:13:MX_ADC1_Init	48	static
../Core/Src/main.c:291:13:MX_COMP2_Init	8	static
../Core/Src/main.c:323:13:MX_DAC2_Init	24	static
../Core/Src/main.c:363:13:MX_TIM1_Init	112	static
../Core/Src/main.c:443:13:MX_USART2_UART_Init	8	static
../Core/Src/main.c:478:13:MX_GPIO_Init	40	static
../Core/Src/main.c:516:6:HAL_ADC_ConvCpltCallback	16	static
../Core/Src/main.c:530:6:Error_Handler	4	static,ignoring_inline_asm
