../Core/Src/main.c:107:1:__io_putchar	16	static
../Core/Src/main.c:119:5:main	56	static
../Core/Src/main.c:202:6:SystemClock_Config	96	static
../Core/Src/main.c:248:13:MX_ADC1_Init	48	static
../Core/Src/main.c:322:13:MX_ADC2_Init	32	static
../Core/Src/main.c:387:13:MX_TIM1_Init	112	static
../Core/Src/main.c:467:13:MX_USART2_UART_Init	8	static
../Core/Src/main.c:500:13:MX_DMA_Init	16	static
../Core/Src/main.c:521:13:MX_GPIO_Init	40	static
../Core/Src/main.c:542:6:HAL_ADC_ConvCpltCallback	16	static
../Core/Src/main.c:567:6:Error_Handler	4	static,ignoring_inline_asm
